// Jest Snapshot v1, https://goo.gl/fbAQLP

exports[`JobTable should match snapshot 1`] = `
"<div class=\\"MuiContainer-root MuiContainer-maxWidthLg\\"><div class=\\"MuiDataGrid-root MuiDataGrid-root MuiDataGrid-autoHeight\\" role=\\"grid\\" aria-colcount=\\"6\\" aria-rowcount=\\"2\\" aria-multiselectable=\\"false\\"><div><div><div class=\\"makeStyles-root-4\\"><div><button class=\\"MuiButtonBase-root MuiButton-root MuiButton-text MuiButton-textPrimary MuiButton-textSizeSmall MuiButton-sizeSmall\\" tabindex=\\"0\\" type=\\"button\\" aria-label=\\"Show filters\\" title=\\"Show filters\\"><span class=\\"MuiButton-label\\"><span class=\\"MuiButton-startIcon MuiButton-iconSizeSmall\\"><span class=\\"MuiBadge-root\\"><svg class=\\"MuiSvgIcon-root\\" focusable=\\"false\\" viewBox=\\"0 0 24 24\\" aria-hidden=\\"true\\"><path d=\\"M10 18h4v-2h-4v2zM3 6v2h18V6H3zm3 7h12v-2H6v2z\\"></path></svg><span class=\\"MuiBadge-badge MuiBadge-anchorOriginTopRightRectangle MuiBadge-colorPrimary MuiBadge-invisible\\">0</span></span></span>Filters</span><span class=\\"MuiTouchRipple-root\\"></span></button><button class=\\"MuiButtonBase-root MuiButton-root MuiButton-text MuiButton-textPrimary MuiButton-textSizeSmall MuiButton-sizeSmall\\" tabindex=\\"0\\" type=\\"button\\" aria-label=\\"Density\\" aria-haspopup=\\"menu\\"  ><span class=\\"MuiButton-label\\"><span class=\\"MuiButton-startIcon MuiButton-iconSizeSmall\\"><svg class=\\"MuiSvgIcon-root\\" focusable=\\"false\\" viewBox=\\"0 0 24 24\\" aria-hidden=\\"true\\"><path d=\\"M21,8H3V4h18V8z M21,10H3v4h18V10z M21,16H3v4h18V16z\\"></path></svg></span>Density</span><span class=\\"MuiTouchRipple-root\\"></span></button><button class=\\"MuiButtonBase-root MuiButton-root MuiButton-text MuiButton-textPrimary\\" tabindex=\\"0\\" type=\\"button\\" aria-controls=\\"period-menu\\" aria-haspopup=\\"true\\" title=\\"The period to report on. When selecting two days, the
    previous two days are compared with the previous 7 days. A default report typically
    compares the previous 7 days to the prior 7 day period.\\"><span class=\\"MuiButton-label\\"><span class=\\"MuiButton-startIcon MuiButton-iconSizeMedium\\"><svg class=\\"MuiSvgIcon-root\\" focusable=\\"false\\" viewBox=\\"0 0 24 24\\" aria-hidden=\\"true\\"><path d=\\"M3 5H1v16c0 1.1.9 2 2 2h16v-2H3V5zm18-4H7c-1.1 0-2 .9-2 2v14c0 1.1.9 2 2 2h14c1.1 0 2-.9 2-2V3c0-1.1-.9-2-2-2zm0 16H7V3h14v14zm-4-4h-4v-2h2c1.1 0 2-.89 2-2V7c0-1.11-.9-2-2-2h-4v2h4v2h-2c-1.1 0-2 .89-2 2v4h6v-2z\\"></path></svg></span>Period</span><span class=\\"MuiTouchRipple-root\\"></span></button></div><div class=\\"MuiFormControl-root MuiTextField-root\\"><div class=\\"MuiInputBase-root MuiInput-root MuiInput-underline MuiInputBase-formControl MuiInput-formControl MuiInputBase-adornedStart MuiInputBase-adornedEnd\\"><svg class=\\"MuiSvgIcon-root MuiSvgIcon-fontSizeSmall\\" focusable=\\"false\\" viewBox=\\"0 0 24 24\\" aria-hidden=\\"true\\"><path d=\\"M15.5 14h-.79l-.28-.27C15.41 12.59 16 11.11 16 9.5 16 5.91 13.09 3 9.5 3S3 5.91 3 9.5 5.91 16 9.5 16c1.61 0 3.09-.59 4.23-1.57l.27.28v.79l5 4.99L20.49 19l-4.99-5zm-6 0C7.01 14 5 11.99 5 9.5S7.01 5 9.5 5 14 7.01 14 9.5 11.99 14 9.5 14z\\"></path></svg><input aria-invalid=\\"false\\" placeholder=\\"Searchâ€¦\\" type=\\"text\\" class=\\"MuiInputBase-input MuiInput-input MuiInputBase-inputAdornedStart MuiInputBase-inputAdornedEnd\\" value=\\"\\"><button class=\\"MuiButtonBase-root MuiIconButton-root MuiIconButton-sizeSmall\\" tabindex=\\"0\\" type=\\"button\\" title=\\"Clear\\" aria-label=\\"Clear\\"><span class=\\"MuiIconButton-label\\"><svg class=\\"MuiSvgIcon-root MuiSvgIcon-fontSizeSmall\\" focusable=\\"false\\" viewBox=\\"0 0 24 24\\" aria-hidden=\\"true\\"><path d=\\"M19 6.41L17.59 5 12 10.59 6.41 5 5 6.41 10.59 12 5 17.59 6.41 19 12 13.41 17.59 19 19 17.59 13.41 12z\\"></path></svg></span><span class=\\"MuiTouchRipple-root\\"></span></button></div></div></div></div></div><div class=\\"MuiDataGrid-main\\"><div class=\\"MuiDataGrid-columnsContainer\\" style=\\"min-height: 56px; max-height: 56px; line-height: 56px;\\"><div class=\\"MuiDataGrid-columnHeaderWrapper scroll\\" aria-rowindex=\\"1\\" role=\\"row\\" style=\\"transform: translate3d(-0px, 0, 0); min-width: 300px;\\"><div class=\\"MuiDataGrid-columnHeader--sortable MuiDataGrid-columnHeader\\" data-field=\\"name\\" style=\\"width: 50px; min-width: 50px; max-width: 50px;\\" role=\\"columnheader\\" tabindex=\\"0\\" aria-colindex=\\"1\\"><div class=\\"MuiDataGrid-columnHeaderDraggableContainer\\" draggable=\\"false\\"><div class=\\"MuiDataGrid-columnHeaderTitleContainer\\"><div class=\\"MuiDataGrid-columnHeaderTitle\\" title=\\"\\">Name</div><div class=\\"MuiDataGrid-iconButtonContainer\\"><button class=\\"MuiButtonBase-root MuiIconButton-root MuiIconButton-sizeSmall\\" tabindex=\\"-1\\" type=\\"button\\" aria-label=\\"Sort\\" title=\\"Sort\\"><span class=\\"MuiIconButton-label\\"><svg class=\\"MuiSvgIcon-root MuiDataGrid-sortIcon MuiSvgIcon-fontSizeSmall\\" focusable=\\"false\\" viewBox=\\"0 0 24 24\\" aria-hidden=\\"true\\"><path d=\\"M4 12l1.41 1.41L11 7.83V20h2V7.83l5.58 5.59L20 12l-8-8-8 8z\\"></path></svg></span><span class=\\"MuiTouchRipple-root\\"></span></button></div></div></div><div class=\\"MuiDataGrid-columnSeparator\\" style=\\"min-height: 56px; opacity: 1;\\"><svg class=\\"MuiSvgIcon-root MuiDataGrid-iconSeparator\\" focusable=\\"false\\" viewBox=\\"0 0 24 24\\" aria-hidden=\\"true\\"><path d=\\"M11 19V5h2v14z\\"></path></svg></div></div><div class=\\"MuiDataGrid-columnHeader--alignRight MuiDataGrid-columnHeader--sortable MuiDataGrid-columnHeader--numeric MuiDataGrid-columnHeader\\" data-field=\\"current_pass_percentage\\" style=\\"width: 50px; min-width: 50px; max-width: 50px;\\" role=\\"columnheader\\" tabindex=\\"-1\\" aria-colindex=\\"2\\"><div class=\\"MuiDataGrid-columnHeaderDraggableContainer\\" draggable=\\"false\\"><div class=\\"MuiDataGrid-columnHeaderTitleContainer\\"><div class=\\"MuiDataGrid-columnHeaderTitle\\" title=\\"\\">Current Period</div><div class=\\"MuiDataGrid-iconButtonContainer\\"><button class=\\"MuiButtonBase-root MuiIconButton-root MuiIconButton-sizeSmall\\" tabindex=\\"-1\\" type=\\"button\\" aria-label=\\"Sort\\" title=\\"Sort\\"><span class=\\"MuiIconButton-label\\"><svg class=\\"MuiSvgIcon-root MuiDataGrid-sortIcon MuiSvgIcon-fontSizeSmall\\" focusable=\\"false\\" viewBox=\\"0 0 24 24\\" aria-hidden=\\"true\\"><path d=\\"M4 12l1.41 1.41L11 7.83V20h2V7.83l5.58 5.59L20 12l-8-8-8 8z\\"></path></svg></span><span class=\\"MuiTouchRipple-root\\"></span></button></div></div></div><div class=\\"MuiDataGrid-columnSeparator\\" style=\\"min-height: 56px; opacity: 1;\\"><svg class=\\"MuiSvgIcon-root MuiDataGrid-iconSeparator\\" focusable=\\"false\\" viewBox=\\"0 0 24 24\\" aria-hidden=\\"true\\"><path d=\\"M11 19V5h2v14z\\"></path></svg></div></div><div class=\\"MuiDataGrid-columnHeader--alignRight MuiDataGrid-columnHeader--sortable MuiDataGrid-columnHeader--numeric MuiDataGrid-columnHeader\\" data-field=\\"net_improvement\\" style=\\"width: 50px; min-width: 50px; max-width: 50px;\\" role=\\"columnheader\\" tabindex=\\"-1\\" aria-colindex=\\"3\\"><div class=\\"MuiDataGrid-columnHeaderDraggableContainer\\" draggable=\\"false\\"><div class=\\"MuiDataGrid-columnHeaderTitleContainer\\"><div class=\\"MuiDataGrid-columnHeaderTitle\\" title=\\"\\">Improvement</div><div class=\\"MuiDataGrid-iconButtonContainer\\"><button class=\\"MuiButtonBase-root MuiIconButton-root MuiIconButton-sizeSmall\\" tabindex=\\"-1\\" type=\\"button\\" aria-label=\\"Sort\\" title=\\"Sort\\"><span class=\\"MuiIconButton-label\\"><svg class=\\"MuiSvgIcon-root MuiDataGrid-sortIcon MuiSvgIcon-fontSizeSmall\\" focusable=\\"false\\" viewBox=\\"0 0 24 24\\" aria-hidden=\\"true\\"><path d=\\"M4 12l1.41 1.41L11 7.83V20h2V7.83l5.58 5.59L20 12l-8-8-8 8z\\"></path></svg></span><span class=\\"MuiTouchRipple-root\\"></span></button></div></div></div><div class=\\"MuiDataGrid-columnSeparator\\" style=\\"min-height: 56px; opacity: 1;\\"><svg class=\\"MuiSvgIcon-root MuiDataGrid-iconSeparator\\" focusable=\\"false\\" viewBox=\\"0 0 24 24\\" aria-hidden=\\"true\\"><path d=\\"M11 19V5h2v14z\\"></path></svg></div></div><div style=\\"min-width: 150px; max-width: 150px; line-height: 55px; min-height: 56px; max-height: 56px;\\" class=\\"MuiDataGrid-cell\\"></div></div></div><div style=\\"overflow: visible; width: 0px;\\"><div class=\\"MuiDataGrid-windowContainer\\" style=\\"width: 0px; height: 160px;\\"><div class=\\"MuiDataGrid-window\\" style=\\"top: 56px; overflow-y: hidden;\\"><div class=\\"MuiDataGrid-dataContainer\\" style=\\"min-width: 300px; min-height: 104px;\\"><div class=\\"MuiDataGrid-viewport\\" style=\\"min-width: 0; max-width: 0; max-height: 104px;\\"><div class=\\"MuiDataGrid-renderingZone\\" style=\\"max-height: 104px; width: 300px; transform: translate3d(-0px, -0px, 0);\\"><div data-id=\\"115\\" data-rowindex=\\"0\\" role=\\"row\\" class=\\"Mui-even JobTable-good-1 MuiDataGrid-row\\" aria-rowindex=\\"2\\" aria-selected=\\"false\\" style=\\"max-height: 52px; min-height: 52px;\\"><div class=\\"MuiDataGrid-cell MuiDataGrid-cell--withRenderer MuiDataGrid-cell--textLeft\\" role=\\"cell\\" data-value=\\"periodic-ci-openshift-release-master-nightly-4.9-e2e-azure\\" data-field=\\"name\\" data-rowindex=\\"0\\" data-colindex=\\"0\\" data-rowselected=\\"false\\" data-mode=\\"view\\" aria-colindex=\\"1\\" style=\\"min-width: 50px; max-width: 50px; line-height: 51px; min-height: 52px; max-height: 52px;\\" tabindex=\\"-1\\"><div style=\\"display: block; white-space: nowrap; overflow: hidden; text-overflow: ellipsis;\\"><a title=\\"periodic-ci-openshift-release-master-nightly-4.9-e2e-azure\\" class=\\"\\" href=\\"/jobs/4.9/detail?job=periodic-ci-openshift-release-master-nightly-4.9-e2e-azure\\">periodic-ci-openshift-release-master-nightly-4.9-e2e-azure</a></div></div><div class=\\"MuiDataGrid-cell MuiDataGrid-cell--withRenderer MuiDataGrid-cell--textRight\\" role=\\"cell\\" data-value=\\"100\\" data-field=\\"current_pass_percentage\\" data-rowindex=\\"0\\" data-colindex=\\"1\\" data-rowselected=\\"false\\" data-mode=\\"view\\" aria-colindex=\\"2\\" style=\\"min-width: 50px; max-width: 50px; line-height: 51px; min-height: 52px; max-height: 52px;\\" tabindex=\\"-1\\"><div class=\\"MuiBox-root MuiBox-root-9\\" title=\\"1 runs\\">100.00%</div></div><div class=\\"MuiDataGrid-cell MuiDataGrid-cell--withRenderer MuiDataGrid-cell--textRight\\" role=\\"cell\\" data-value=\\"90.47619047619048\\" data-field=\\"net_improvement\\" data-rowindex=\\"0\\" data-colindex=\\"2\\" data-rowselected=\\"false\\" data-mode=\\"view\\" aria-colindex=\\"3\\" style=\\"min-width: 50px; max-width: 50px; line-height: 51px; min-height: 52px; max-height: 52px;\\" tabindex=\\"-1\\"><svg class=\\"MuiSvgIcon-root\\" focusable=\\"false\\" viewBox=\\"0 0 24 24\\" aria-hidden=\\"true\\" data-icon=\\"ArrowUpwardRoundedIcon\\" style=\\"stroke: green; stroke-width: 3; color: green;\\" title=\\"90.48%\\"><path d=\\"M13 19V7.83l4.88 4.88c.39.39 1.03.39 1.42 0 .39-.39.39-1.02 0-1.41l-6.59-6.59a.9959.9959 0 00-1.41 0l-6.6 6.58c-.39.39-.39 1.02 0 1.41.39.39 1.02.39 1.41 0L11 7.83V19c0 .55.45 1 1 1s1-.45 1-1z\\"></path></svg></div><div style=\\"min-width: 150px; max-width: 150px; line-height: 51px; min-height: 52px; max-height: 52px;\\" class=\\"MuiDataGrid-cell\\"></div></div><div data-id=\\"112\\" data-rowindex=\\"1\\" role=\\"row\\" class=\\"Mui-odd JobTable-good-1 MuiDataGrid-row\\" aria-rowindex=\\"3\\" aria-selected=\\"false\\" style=\\"max-height: 52px; min-height: 52px;\\"><div class=\\"MuiDataGrid-cell MuiDataGrid-cell--withRenderer MuiDataGrid-cell--textLeft\\" role=\\"cell\\" data-value=\\"release-openshift-ocp-installer-e2e-azure-serial-4.9\\" data-field=\\"name\\" data-rowindex=\\"1\\" data-colindex=\\"0\\" data-rowselected=\\"false\\" data-mode=\\"view\\" aria-colindex=\\"1\\" style=\\"min-width: 50px; max-width: 50px; line-height: 51px; min-height: 52px; max-height: 52px;\\" tabindex=\\"-1\\"><div style=\\"display: block; white-space: nowrap; overflow: hidden; text-overflow: ellipsis;\\"><a title=\\"release-openshift-ocp-installer-e2e-azure-serial-4.9\\" class=\\"\\" href=\\"/jobs/4.9/detail?job=release-openshift-ocp-installer-e2e-azure-serial-4.9\\">release-openshift-ocp-installer-e2e-azure-serial-4.9</a></div></div><div class=\\"MuiDataGrid-cell MuiDataGrid-cell--withRenderer MuiDataGrid-cell--textRight\\" role=\\"cell\\" data-value=\\"100\\" data-field=\\"current_pass_percentage\\" data-rowindex=\\"1\\" data-colindex=\\"1\\" data-rowselected=\\"false\\" data-mode=\\"view\\" aria-colindex=\\"2\\" style=\\"min-width: 50px; max-width: 50px; line-height: 51px; min-height: 52px; max-height: 52px;\\" tabindex=\\"-1\\"><div class=\\"MuiBox-root MuiBox-root-10\\" title=\\"1 runs\\">100.00%</div></div><div class=\\"MuiDataGrid-cell MuiDataGrid-cell--withRenderer MuiDataGrid-cell--textRight\\" role=\\"cell\\" data-value=\\"71.42857142857143\\" data-field=\\"net_improvement\\" data-rowindex=\\"1\\" data-colindex=\\"2\\" data-rowselected=\\"false\\" data-mode=\\"view\\" aria-colindex=\\"3\\" style=\\"min-width: 50px; max-width: 50px; line-height: 51px; min-height: 52px; max-height: 52px;\\" tabindex=\\"-1\\"><svg class=\\"MuiSvgIcon-root\\" focusable=\\"false\\" viewBox=\\"0 0 24 24\\" aria-hidden=\\"true\\" data-icon=\\"ArrowUpwardRoundedIcon\\" style=\\"stroke: green; stroke-width: 3; color: green;\\" title=\\"71.43%\\"><path d=\\"M13 19V7.83l4.88 4.88c.39.39 1.03.39 1.42 0 .39-.39.39-1.02 0-1.41l-6.59-6.59a.9959.9959 0 00-1.41 0l-6.6 6.58c-.39.39-.39 1.02 0 1.41.39.39 1.02.39 1.41 0L11 7.83V19c0 .55.45 1 1 1s1-.45 1-1z\\"></path></svg></div><div style=\\"min-width: 150px; max-width: 150px; line-height: 51px; min-height: 52px; max-height: 52px;\\" class=\\"MuiDataGrid-cell\\"></div></div></div></div></div></div></div></div><div class=\\"Mui-resizeTriggers\\"><div class=\\"expand-trigger\\"><div style=\\"width: 1px; height: 1px;\\"></div></div><div class=\\"contract-trigger\\"></div></div></div><div><div class=\\"MuiDataGrid-footerContainer\\"><div></div><div class=\\"MuiTablePagination-root\\"><div class=\\"MuiToolbar-root MuiToolbar-regular MuiTablePagination-toolbar MuiToolbar-gutters\\"><div class=\\"MuiTablePagination-spacer\\"></div><p class=\\"MuiTypography-root MuiTablePagination-caption makeStyles-caption-7 MuiTypography-body2 MuiTypography-colorInherit\\" >Rows per page:</p><div class=\\"MuiInputBase-root MuiTablePagination-input makeStyles-input-8 MuiTablePagination-selectRoot\\"><div class=\\"MuiSelect-root MuiSelect-select MuiTablePagination-select MuiSelect-selectMenu MuiInputBase-input\\" tabindex=\\"0\\" role=\\"button\\" aria-haspopup=\\"listbox\\"  >25</div><input aria-hidden=\\"true\\" tabindex=\\"-1\\" class=\\"MuiSelect-nativeInput\\" value=\\"25\\"><svg class=\\"MuiSvgIcon-root MuiSelect-icon MuiTablePagination-selectIcon\\" focusable=\\"false\\" viewBox=\\"0 0 24 24\\" aria-hidden=\\"true\\"><path d=\\"M7 10l5 5 5-5z\\"></path></svg></div><p class=\\"MuiTypography-root MuiTablePagination-caption makeStyles-caption-7 MuiTypography-body2 MuiTypography-colorInherit\\">1-2 of 2</p><div class=\\"MuiTablePagination-actions\\"><button class=\\"MuiButtonBase-root MuiIconButton-root MuiIconButton-colorInherit Mui-disabled Mui-disabled\\" tabindex=\\"-1\\" type=\\"button\\" disabled=\\"\\" title=\\"Previous page\\" aria-label=\\"Previous page\\"><span class=\\"MuiIconButton-label\\"><svg class=\\"MuiSvgIcon-root\\" focusable=\\"false\\" viewBox=\\"0 0 24 24\\" aria-hidden=\\"true\\"><path d=\\"M15.41 16.09l-4.58-4.59 4.58-4.59L14 5.5l-6 6 6 6z\\"></path></svg></span></button><button class=\\"MuiButtonBase-root MuiIconButton-root MuiIconButton-colorInherit Mui-disabled Mui-disabled\\" tabindex=\\"-1\\" type=\\"button\\" disabled=\\"\\" title=\\"Next page\\" aria-label=\\"Next page\\"><span class=\\"MuiIconButton-label\\"><svg class=\\"MuiSvgIcon-root\\" focusable=\\"false\\" viewBox=\\"0 0 24 24\\" aria-hidden=\\"true\\"><path d=\\"M8.59 16.34l4.58-4.59-4.58-4.59L10 5.75l6 6-6 6z\\"></path></svg></span></button></div></div></div></div></div></div></div>)"
`;
